
===========================================================================
 report_power
============================================================================
======================= Fastest Corner ===================================

Group                  Internal  Switching    Leakage      Total
                          Power      Power      Power      Power (Watts)
----------------------------------------------------------------
Sequential             0.00e+00   0.00e+00   0.00e+00   0.00e+00   0.0%
Combinational          5.33e-05   1.46e-04   1.85e-09   1.99e-04 100.0%
Clock                 -1.86e-10   0.00e+00   7.69e-10   5.83e-10   0.0%
Macro                  0.00e+00   0.00e+00   0.00e+00   0.00e+00   0.0%
Pad                    0.00e+00   0.00e+00   0.00e+00   0.00e+00   0.0%
----------------------------------------------------------------
Total                  5.33e-05   1.46e-04   2.62e-09   1.99e-04 100.0%
                          26.7%      73.3%       0.0%

======================= Slowest Corner ===================================

Group                  Internal  Switching    Leakage      Total
                          Power      Power      Power      Power (Watts)
----------------------------------------------------------------
Sequential             0.00e+00   0.00e+00   0.00e+00   0.00e+00   0.0%
Combinational          3.81e-05   9.79e-05   1.04e-06   1.37e-04 100.0%
Clock                 -7.69e-11   0.00e+00   7.72e-10   6.95e-10   0.0%
Macro                  0.00e+00   0.00e+00   0.00e+00   0.00e+00   0.0%
Pad                    0.00e+00   0.00e+00   0.00e+00   0.00e+00   0.0%
----------------------------------------------------------------
Total                  3.81e-05   9.79e-05   1.04e-06   1.37e-04 100.0%
                          27.8%      71.5%       0.8%

======================= Typical Corner ===================================

Group                  Internal  Switching    Leakage      Total
                          Power      Power      Power      Power (Watts)
----------------------------------------------------------------
Sequential             0.00e+00   0.00e+00   0.00e+00   0.00e+00   0.0%
Combinational          4.85e-05   1.24e-04   8.06e-10   1.73e-04 100.0%
Clock                 -3.60e-11   0.00e+00   7.69e-10   7.33e-10   0.0%
Macro                  0.00e+00   0.00e+00   0.00e+00   0.00e+00   0.0%
Pad                    0.00e+00   0.00e+00   0.00e+00   0.00e+00   0.0%
----------------------------------------------------------------
Total                  4.85e-05   1.24e-04   1.57e-09   1.73e-04 100.0%
                          28.1%      71.9%       0.0%

